
	2024-11-01T17:07:41.745550
error reading header for /space/spirou/LBL-PCA/SPIROU/science/GL406/2374972t.fits


	2024-11-01T23:59:49.911092
error reading header for /space/spirou/LBL-PCA/SPIROU/science/GL406/2374972t.fits


	2024-11-02T10:27:29.447822
error reading header for /space/spirou/LBL-PCA/SPIROU/science/GL406/2374972t.fits

FITSIO status = 104: could not open the named file
failed to find or open the following file: (ffopen)
/space/spirou/LBL-PCA/SPIROU/science/GL406/2374972t.fits


	2024-11-02T21:06:07.161676
error reading header for /space/spirou/LBL-PCA/SPIROU/science/GL406/2374972t.fits

FITSIO status = 104: could not open the named file
failed to find or open the following file: (ffopen)
/space/spirou/LBL-PCA/SPIROU/science/GL406/2374972t.fits


	2024-11-04T15:35:57.194029
error reading header for /space/spirou/LBL-PCA/SPIROU/science/GL406/2374972t.fits

FITSIO status = 104: could not open the named file
failed to find or open the following file: (ffopen)
/space/spirou/LBL-PCA/SPIROU/science/GL406/2374972t.fits


	2024-11-04T21:44:59.630950
error reading header for /space/spirou/LBL-PCA/SPIROU/science/GL406/2374972t.fits



	2024-11-05T13:37:00.139016
error reading header for /space/spirou/LBL-PCA/SPIROU/science/GL406/2374972t.fits



	2024-11-05T13:38:47.002782
error reading header for /space/spirou/LBL-PCA/SPIROU/science/GL406/2374972t.fits



	2024-11-05T15:03:09.696299
error reading header for /space/spirou/LBL-PCA/SPIROU/science/GL406/2374972t.fits


